// Jest Snapshot v1, https://goo.gl/fbAQLP

exports[`renderiza menu sem autorizacao 1`] = `null`;
